Results for test ensemble: 20251118-020705-stack-8930740d84181295
0x1000032000827ea700000 1 joshua-rhel9-agent-251118015621-13-zwjnr 895256322892618746 '<Test TestUID="58e32e76-794f-48f0-948f-4f150424959b" Statistics="giEBAA==" JoshuaSeed="895256322892618746" WillRestart="0" NegativeTest="0" RandomSeed="2639480133" SourceVersion="8524f8c6c13322380b75fa4f40a1017fdae83fc7" Time="1763431781" BuggifyEnabled="0" DeterminismCheck="0" FaultInjectionEnabled="0" TestFile="tests/fast/RestoreValidation_Simple.toml" ConfigString="new backup_worker_enabled:=1 encryption_at_rest_mode=disabled log_engine=ssd-2 log_spill:=2 log_version:=7 logs:=4 perpetual_storage_wiggle:=0 perpetual_storage_wiggle_engine=none three_data_hall storage_engine=ssd-rocksdb-v1 storage_migration_type=disabled tenant_mode=disabled usable_regions:=1" SimElapsedTime="393.925" RealElapsedTime="55.52" RandomUnseed="31459" PeakMemory="486964" Ok="0" Runtime="55.63380813598633" FailReason="ProducedErrors" TotalTestTime="74170" TestRunCount="2193"><DisableConnectionFailures_Tester Severity="30" Time="5.530404" DateTime="2025-11-18T02:09:41Z" Machine="0.0.0.0:0" ID="0000000000000000" ThreadID="6027381978598858764" LogGroup="default"/><EnableConnectionFailures_Tester Severity="30" Time="13.650275" DateTime="2025-11-18T02:09:43Z" Machine="0.0.0.0:0" ID="0000000000000000" Duration="450" ThreadID="6027381978598858764" LogGroup="default"/><ScheduleDisableConnectionFailures_Tester Severity="30" Time="13.650275" DateTime="2025-11-18T02:09:43Z" Machine="0.0.0.0:0" ID="0000000000000000" At="463.65" ThreadID="6027381978598858764" LogGroup="default"/><CommitProxyTerminated Severity="30" Time="37.322485" DateTime="2025-11-18T02:09:52Z" Machine="2.0.1.1:1" ID="955991cac26c95d3" Error="failed_to_progress" ErrorDescription="Process has failed to make sufficient progress" ErrorCode="1216" ThreadID="6027381978598858764" LogGroup="default" Roles="CP,RV,SS"/><BackupContainerMetadataInvalid Severity="30" Time="142.746853" DateTime="2025-11-18T02:10:07Z" Machine="3.4.3.5:1" ID="0000000000000000" URL="file://simfdb/backups/backup-1970-01-01-00-00-40.221865" ExpiredEndVersion="-1" UnreliableEndVersion="0" LogBeginVersion="-1" LogEndVersion="-1" ThreadID="6027381978598858764" LogGroup="default" Roles="TS"/><SSAuditRestoreError Severity="40" ErrorKind="Unset" Time="153.072279" DateTime="2025-11-18T02:10:11Z" Type="SSAuditRestoreError" Machine="2.0.1.0:2" ID="1a236760eed2b619" AuditId="0000000000000001" AuditRange="3fbca10294e76b4e - \\xff" ErrorMessage="Missing key(s) in restored data, next source key: 3fef94af4f0d844d" Version="344175379" ClaimRange="3feb93dd97f62b6b\\x00 - \\xff" ThreadID="6027381978598858764" Backtrace="/usr/bin/addr2line -e /var/joshua/ensembles/20251118-020705-stack-8930740d84181295/bin/fdbserver -p -C -f -i 0x546b5e6 0x5469a91 0x5469bfd 0x29e9693 0x2a41e38 0x2a439fe 0x2a294c8 0x2a296fc 0x12c1b80 0x12c1b80 0x29f1b2f 0x2a28ed8 0x2a19ab8 0x2a1a0f7 0x2a05318 0x2a086be 0x1eb0330 0x52c17e0 0x10f3872 0x7fe6f135e5d0" LogGroup="default" Roles="CS,DD,MS,RK,SS"/><ConsistencyCheckUrgent_TesterExit Severity="30" Time="169.449809" DateTime="2025-11-18T02:10:13Z" Machine="3.4.3.4:1" ID="0000000000000000" Error="operation_failed" ErrorDescription="Operation failed" ErrorCode="1000" Reason="Unexpected failure" ConsistencyCheckerId="3474658" ClientCount="5" ClientId="4" ThreadID="6027381978598858764" LogGroup="default"/><DisableConnectionFailures_ConsistencyCheck Severity="30" Time="193.252263" DateTime="2025-11-18T02:10:16Z" Machine="0.0.0.0:0" ID="0000000000000000" ThreadID="6027381978598858764" LogGroup="default"/><QuietDatabaseEndFail Severity="30" Time="387.868653" DateTime="2025-11-18T02:10:36Z" Machine="0.0.0.0:0" ID="0000000000000000" Reasons="DataDistributionActive" FailedAfter="65.0933" Timeout="1500" ThreadID="6027381978598858764" LogGroup="default"/><JoshuaLogTool ExitCode="0" Note="Skipped - joshua_logtool not enabled"/></Test>\n'
0x1000032001b28adf40000 1 joshua-rhel9-agent-251118021104-4-j7f8b 20965191387346350 '<Test TestUID="a7ad3298-c482-4362-864a-a6caa54f23c8" Statistics="cIAFAA==" JoshuaSeed="20965191387346350" WillRestart="0" NegativeTest="0" RandomSeed="1496085184" SourceVersion="8524f8c6c13322380b75fa4f40a1017fdae83fc7" Time="1763432109" BuggifyEnabled="0" DeterminismCheck="0" FaultInjectionEnabled="0" TestFile="tests/fast/RestoreValidation_Simple.toml" ConfigString="new backup_worker_enabled:=1 encryption_at_rest_mode=disabled grv_proxies:=2 log_engine=ssd-2 log_spill:=2 log_version:=7 perpetual_storage_wiggle:=0 perpetual_storage_wiggle_engine=none proxies:=2 single resolvers:=5 storage_engine=memory storage_migration_type=disabled tenant_mode=disabled usable_regions:=1 perpetual_storage_wiggle_locality=data_hall:1" SimElapsedTime="350.219" RealElapsedTime="46.7759" RandomUnseed="40680" PeakMemory="436012" Ok="0" Runtime="46.92721939086914" FailReason="ProducedErrors" TotalTestTime="360607" TestRunCount="9145"><DisableConnectionFailures_Tester Severity="30" Time="6.314301" DateTime="2025-11-18T02:15:09Z" Machine="0.0.0.0:0" ID="0000000000000000" ThreadID="16486279428094853742" LogGroup="default"/><EnableConnectionFailures_Tester Severity="30" Time="13.629854" DateTime="2025-11-18T02:15:10Z" Machine="0.0.0.0:0" ID="0000000000000000" Duration="450" ThreadID="16486279428094853742" LogGroup="default"/><ScheduleDisableConnectionFailures_Tester Severity="30" Time="13.629854" DateTime="2025-11-18T02:15:10Z" Machine="0.0.0.0:0" ID="0000000000000000" At="463.63" ThreadID="16486279428094853742" LogGroup="default"/><CommitProxyTerminated Severity="30" Time="36.521316" DateTime="2025-11-18T02:15:20Z" Machine="2.0.1.1:5" ID="4bf5eb5ea70a49fd" Error="failed_to_progress" ErrorDescription="Process has failed to make sufficient progress" ErrorCode="1216" ThreadID="16486279428094853742" LogGroup="default" Roles="CP,SS"/><BackupContainerMetadataInvalid Severity="30" Time="161.734339" DateTime="2025-11-18T02:15:36Z" Machine="3.4.3.7:1" ID="0000000000000000" URL="file://simfdb/backups/backup-1970-01-01-00-00-43.369771" ExpiredEndVersion="-1" UnreliableEndVersion="0" LogBeginVersion="-1" LogEndVersion="-1" ThreadID="16486279428094853742" LogGroup="default" Roles="TS"/><SSAuditRestoreError Severity="40" ErrorKind="Unset" Time="168.201379" DateTime="2025-11-18T02:15:38Z" Type="SSAuditRestoreError" Machine="2.0.1.1:5" ID="022a4e61cbbce1a9" AuditId="0000000000000001" AuditRange="3fe3ab2ee8ab900c - \\xff" ErrorMessage="Missing key(s) in restored data, next source key: 3fefab9f559b3d08" Version="257378427" ClaimRange="3febaacd9e83e426\\x00 - \\xff" ThreadID="16486279428094853742" Backtrace="/usr/bin/addr2line -e /var/joshua/ensembles/20251118-020705-stack-8930740d84181295/bin/fdbserver -p -C -f -i 0x546b5e6 0x5469a91 0x5469bfd 0x29e9693 0x2a41e38 0x2a439fe 0x2a294c8 0x2a296fc 0x12c1b80 0x12c1b80 0x29f1b2f 0x2a28ed8 0x2a19ab8 0x2a27e23 0x2a3e0df 0x2a3e372 0x2a3e60b 0x2a408cf 0x52c17e0 0x10f3872 0x7fa1685d15d0" LogGroup="default" Roles="CP,SS"/><DisableConnectionFailures_ConsistencyCheck Severity="30" Time="204.667746" DateTime="2025-11-18T02:15:42Z" Machine="0.0.0.0:0" ID="0000000000000000" ThreadID="16486279428094853742" LogGroup="default"/><JoshuaLogTool ExitCode="0" Note="Skipped - joshua_logtool not enabled"/></Test>\n'
0x1000032001da247c80002 1 joshua-rhel9-agent-251118015146-36-pfqzc 381572529366724287 Traceback (most recent call last):
  File "/usr/lib64/python3.9/runpy.py", line 197, in _run_module_as_main
    return _run_code(code, main_globals, None,
  File "/usr/lib64/python3.9/runpy.py", line 87, in _run_code
    exec(code, run_globals)
  File "/usr/local/lib64/python3.9/site-packages/joshua/joshua.py", line 716, in <module>
    t.join(6000)
  File "/usr/lib64/python3.9/threading.py", line 1064, in join
    self._wait_for_tstate_lock(timeout=max(timeout, 0))
  File "/usr/lib64/python3.9/threading.py", line 1080, in _wait_for_tstate_lock
    if lock.acquire(block, timeout):
KeyboardInterrupt
'<Test TestUID="ed9c00c1-354d-4f1a-9827-614913403d85" Statistics="SxUAAA==" JoshuaSeed="381572529366724287" WillRestart="0" NegativeTest="0" RandomSeed="1467710400" SourceVersion="8524f8c6c13322380b75fa4f40a1017fdae83fc7" Time="1763431687" BuggifyEnabled="0" DeterminismCheck="0" FaultInjectionEnabled="0" TestFile="tests/fast/RestoreValidation_Simple.toml" ConfigString="new backup_worker_enabled:=1 encryption_at_rest_mode=disabled grv_proxies:=2 log_engine=ssd-2 log_spill:=2 log_version:=7 logs:=4 perpetual_storage_wiggle:=0 perpetual_storage_wiggle_engine=none proxies:=2 single resolvers:=1 storage_engine=ssd-2 storage_migration_type=disabled tenant_mode=required_experimental usable_regions:=1" SimElapsedTime="5401" RealElapsedTime="493.847" RandomUnseed="1366" PeakMemory="638164" Ok="0" Runtime="494.0106406211853" FailReason="ProducedErrors" TotalTestTime="5946" TestRunCount="229"><DisableConnectionFailures_Tester Severity="30" Time="6.033504" DateTime="2025-11-18T02:08:07Z" Machine="0.0.0.0:0" ID="0000000000000000" ThreadID="8328775483709295050" LogGroup="default"/><EnableConnectionFailures_Tester Severity="30" Time="14.125785" DateTime="2025-11-18T02:08:09Z" Machine="0.0.0.0:0" ID="0000000000000000" Duration="450" ThreadID="8328775483709295050" LogGroup="default"/><ScheduleDisableConnectionFailures_Tester Severity="30" Time="14.125785" DateTime="2025-11-18T02:08:09Z" Machine="0.0.0.0:0" ID="0000000000000000" At="464.126" ThreadID="8328775483709295050" LogGroup="default"/><CommitProxyTerminated Severity="30" Time="40.514599" DateTime="2025-11-18T02:08:17Z" Machine="2.0.3.4:3" ID="6af317c394e1b6c3" Error="failed_to_progress" ErrorDescription="Process has failed to make sufficient progress" ErrorCode="1216" ThreadID="8328775483709295050" LogGroup="default" Roles="BK,CP,RV"/><BackupContainerMetadataInvalid Severity="30" Time="115.893412" DateTime="2025-11-18T02:08:28Z" Machine="3.4.3.1:1" ID="0000000000000000" URL="file://simfdb/backups/backup-1970-01-01-00-00-42.120367" ExpiredEndVersion="-1" UnreliableEndVersion="0" LogBeginVersion="-1" LogEndVersion="-1" ThreadID="8328775483709295050" LogGroup="default" Roles="TS"/><RkSSListFetchTimeout Severity="30" Time="144.333108" DateTime="2025-11-18T02:08:32Z" Machine="2.0.1.4:2" ID="2717ed7b8d013391" SuppressedEventCount="0" ThreadID="8328775483709295050" LogGroup="default" Roles="CS,DD,MS,RK"/><RkSSListFetchTimeout Severity="30" Time="145.364039" DateTime="2025-11-18T02:08:32Z" Machine="2.0.1.4:2" ID="2717ed7b8d013391" SuppressedEventCount="19" ThreadID="8328775483709295050" LogGroup="default" Roles="CS,DD,MS,RK"/><RkSSListFetchTimeout Severity="30" Time="146.455192" DateTime="2025-11-18T02:08:32Z" Machine="2.0.1.4:2" ID="2717ed7b8d013391" SuppressedEventCount="21" ThreadID="8328775483709295050" LogGroup="default" Roles="CS,DD,MS,RK"/><RkSSListFetchTimeout Severity="30" Time="147.476739" DateTime="2025-11-18T02:08:32Z" Machine="2.0.1.4:2" ID="2717ed7b8d013391" SuppressedEventCount="19" ThreadID="8328775483709295050" LogGroup="default" Roles="CS,DD,MS,RK"/><RkSSListFetchTimeout Severity="30" Time="148.486786" DateTime="2025-11-18T02:08:32Z" Machine="2.0.1.4:2" ID="2717ed7b8d013391" SuppressedEventCount="19" ThreadID="8328775483709295050" LogGroup="default" Roles="CS,DD,MS,RK"/><SetupAndRunError Severity="40" ErrorKind="Unset" Time="5401.000000" DateTime="2025-11-18T02:16:21Z" Type="SetupAndRunError" Machine="0.0.0.0:0" ID="0000000000000000" Error="timed_out" ErrorDescription="Operation timed out" ErrorCode="1004" ThreadID="8328775483709295050" Backtrace="/usr/bin/addr2line -e /var/joshua/ensembles/20251118-020705-stack-8930740d84181295/bin/fdbserver -p -C -f -i 0x546b5e6 0x5469a91 0x5469bfd 0x24b8865 0x24b8a6e 0x12aafd9 0x17915bb 0x52c17e0 0x10f3872 0x7fa462d785d0" LogGroup="default"/><WarningLimitExceeded Severity="30" WarningCount="5014"/><JoshuaLogTool ExitCode="0" Note="Skipped - joshua_logtool not enabled"/></Test>\n'
0x1000032002186a3880000 1 joshua-rhel9-agent-251118021653-67-2xmzw 8246987996119733825 '<Test TestUID="3949e38d-f484-4435-9e0e-4d703b276826" Statistics="xykHAA==" JoshuaSeed="8246987996119733825" WillRestart="0" NegativeTest="0" RandomSeed="1577327845" SourceVersion="8524f8c6c13322380b75fa4f40a1017fdae83fc7" Time="1763432226" BuggifyEnabled="0" DeterminismCheck="0" FaultInjectionEnabled="0" TestFile="tests/fast/RestoreValidation_Simple.toml" ConfigString="new backup_worker_enabled:=0 commit_proxies:=2 encryption_at_rest_mode=disabled log_engine=ssd-2 log_spill:=2 log_version:=7 perpetual_storage_wiggle:=0 perpetual_storage_wiggle_engine=none proxies:=2 three_data_hall storage_engine=ssd-2 storage_migration_type=disabled tenant_mode=optional_experimental usable_regions:=1" SimElapsedTime="317.63" RealElapsedTime="35.9559" RandomUnseed="65951" PeakMemory="618592" Ok="0" Runtime="36.14817452430725" FailReason="ProducedErrors" TotalTestTime="469484" TestRunCount="11618"><DisableConnectionFailures_Tester Severity="30" Time="5.416346" DateTime="2025-11-18T02:17:06Z" Machine="0.0.0.0:0" ID="0000000000000000" ThreadID="16354363967727948317" LogGroup="default"/><EnableConnectionFailures_Tester Severity="30" Time="14.302647" DateTime="2025-11-18T02:17:08Z" Machine="0.0.0.0:0" ID="0000000000000000" Duration="450" ThreadID="16354363967727948317" LogGroup="default"/><ScheduleDisableConnectionFailures_Tester Severity="30" Time="14.302647" DateTime="2025-11-18T02:17:08Z" Machine="0.0.0.0:0" ID="0000000000000000" At="464.303" ThreadID="16354363967727948317" LogGroup="default"/><BackupContainerMetadataInvalid Severity="30" Time="124.348165" DateTime="2025-11-18T02:17:25Z" Machine="[abcd::3:4:3:2]:1" ID="0000000000000000" URL="file://simfdb/backups/backup-1970-01-01-00-00-37.555214" ExpiredEndVersion="-1" UnreliableEndVersion="0" LogBeginVersion="-1" LogEndVersion="-1" ThreadID="16354363967727948317" LogGroup="default" Roles="TS"/><SSAuditRestoreError Severity="40" ErrorKind="Unset" Time="133.339888" DateTime="2025-11-18T02:17:28Z" Type="SSAuditRestoreError" Machine="[abcd::2:0:1:2]:1" ID="7ede800f4cf300eb" AuditId="0000000000000001" AuditRange="3fcf56513e7dc1f3 - \\xff" ErrorMessage="Missing key(s) in restored data, next source key: 3fefd63886594af5" Version="125655878" ClaimRange="3febd566cf41f213\\x00 - \\xff" ThreadID="16354363967727948317" Backtrace="/usr/bin/addr2line -e /var/joshua/ensembles/20251118-020705-stack-8930740d84181295/bin/fdbserver -p -C -f -i 0x546b5e6 0x5469a91 0x5469bfd 0x29e9693 0x2a41e38 0x2a439fe 0x2a294c8 0x2a296fc 0x12c1b80 0x12c1b80 0x29f1b2f 0x2a28ed8 0x2a19ab8 0x2a1a0f7 0x2a05318 0x2a086be 0x1eb0330 0x52c17e0 0x10f3872 0x7fb27724a5d0" LogGroup="default" Roles="CS,DD,RK,SS"/><DisableConnectionFailures_ConsistencyCheck Severity="30" Time="171.527008" DateTime="2025-11-18T02:17:31Z" Machine="0.0.0.0:0" ID="0000000000000000" ThreadID="16354363967727948317" LogGroup="default"/><JoshuaLogTool ExitCode="0" Note="Skipped - joshua_logtool not enabled"/></Test>\n'
