libc++abi: terminating due to uncaught exception of type boost::interprocess::interprocess_exception: File exists
